node.exe : ΓÜá `images.domains` is deprecated in favor of 
`images.remotePatterns`. Please update next.config.js to protect your 
application from malicious users.
At line:1 char:1
+ & "C:\nvm4w\nodejs/node.exe" "C:\nvm4w\nodejs/node_modules/npm/bin/np ...
+ ~~~~~~~~~~~~~~~~~~~~~~~~~~~~~~~~~~~~~~~~~~~~~~~~~~~~~~~~~~~~~~~~~~~~~
    + CategoryInfo          : NotSpecified: (ΓÜá `images.dom...alicious users. 
   :String) [], RemoteException
    + FullyQualifiedErrorId : NativeCommandError
 
Γû▓ Next.js 16.1.6 (Turbopack)
- Environments: .env.local, .env

  Creating an optimized production build ...
(node:8340) Warning: Setting the NODE_TLS_REJECT_UNAUTHORIZED environment 
variable to '0' makes TLS connections and HTTPS requests insecure by disabling 
certificate verification.
(Use `node --trace-warnings ...` to show where the warning was created)
Γ£ô Compiled successfully in 38.7s
  Running TypeScript ...
Failed to compile.

./scripts/generate-cloze-items.ts:313:77
Type error: This regular expression flag is only available when targeting 
'es2018' or later.

[0m [90m 311 |[39m       [90m// Simple regex extraction of 
description/title from RSS[39m
 [90m 312 |[39m       [36mconst[39m descriptions [33m=[39m [
[31m[1m>[22m[39m[90m 313 |[39m         [33m...[39mxml[33m.[39mmatchAl
l([35m/<description><!\[CDATA\[(.*?)\]\]><\/description>/gs[39m)[33m,[39m
 [90m     |[39m                                                              
               [31m[1m^[22m[39m
 [90m 314 |[39m         [33m...[39mxml[33m.[39mmatchAll([35m/<descriptio
n>(.*?)<\/description>/gs[39m)[33m,[39m
 [90m 315 |[39m       ][33m;[39m
 [90m 316 |[39m[0m
Next.js build worker exited with code: 1 and signal: null
